// Jest Snapshot v1, https://goo.gl/fbAQLP

exports[`Rendered flower list has flowers 1`] = `
<ul
  class="list"
>
  <li>
    <h2>
      <a
        href="url1"
      >
        name1
      </a>
    </h2>
    <p>
      desc1
    </p>
  </li>
  <li>
    <h2>
      <a
        href="url2"
      >
        name2
      </a>
    </h2>
    <p>
      desc2
    </p>
  </li>
  <li>
    <h2>
      <a
        href="url3"
      >
        name3
      </a>
    </h2>
    <p>
      desc3
    </p>
  </li>
</ul>
`;

exports[`Rendered flower list is empty 1`] = `
<ul
  class="list"
/>
`;
